** Drc report for Phil_lab_65_Avila.kicad_pcb **
** Created on 2026-04-28T14:49:18-0600 **

** Found 7 DRC violations **
[starved_thermal]: Thermal relief connection to zone incomplete (layer F.Cu; zone min spoke count 2; actual 1)
    Local override; error
    @(108.2040 mm, 33.5280 mm): Zone [GND] on F.Cu and B.Cu, priority 0
    @(125.8820 mm, 64.5160 mm): Pad 2 [GND] of C12 on F.Cu
[track_dangling]: Track has unconnected end
    Local override; warning
    @(131.1835 mm, 55.2525 mm): Track [GND] on F.Cu, length 0.1690 mm
[track_dangling]: Track has unconnected end
    Local override; warning
    @(123.4760 mm, 50.7680 mm): Track [GND] on F.Cu, length 0.0453 mm
[track_dangling]: Track has unconnected end
    Local override; warning
    @(134.6040 mm, 47.7680 mm): Track [GND] on F.Cu, length 0.0226 mm
[track_dangling]: Track has unconnected end
    Local override; warning
    @(137.1600 mm, 60.4520 mm): Track [VBUS] on F.Cu, length 0.5080 mm
[silk_overlap]: Silkscreen overlap
    Rule: board setup constraints silk; warning
    @(120.3680 mm, 47.7520 mm): Reference field of C10
    @(119.3240 mm, 48.2400 mm): Segment of Y1 on F.Silkscreen
[silk_overlap]: Silkscreen overlap
    Rule: board setup constraints silk; warning
    @(119.3240 mm, 51.6600 mm): Segment of Y1 on F.Silkscreen
    @(120.3680 mm, 47.7520 mm): Reference field of C10

** Found 7 unconnected pads **
[unconnected_items]: Missing connection between items
    Local override; error
    @(120.3960 mm, 49.7560 mm): Track [GND] on F.Cu, length 1.0720 mm
    @(123.4760 mm, 50.7680 mm): Track [GND] on F.Cu, length 0.0453 mm
[unconnected_items]: Missing connection between items
    Local override; error
    @(123.4760 mm, 50.7680 mm): Track [GND] on F.Cu, length 1.2950 mm
    @(126.6835 mm, 48.9092 mm): Track [GND] on F.Cu, length 2.0823 mm
[unconnected_items]: Missing connection between items
    Local override; error
    @(108.2040 mm, 33.5280 mm): Zone [GND] on F.Cu and B.Cu, priority 0
    @(125.8820 mm, 64.5160 mm): Pad 2 [GND] of C12 on F.Cu
[unconnected_items]: Missing connection between items
    Local override; error
    @(125.8820 mm, 64.5160 mm): Pad 2 [GND] of C12 on F.Cu
    @(108.2040 mm, 33.5280 mm): Zone [GND] on F.Cu and B.Cu, priority 0
[unconnected_items]: Missing connection between items
    Local override; error
    @(108.2040 mm, 33.5280 mm): Zone [GND] on F.Cu and B.Cu, priority 0
    @(131.1835 mm, 55.2525 mm): Track [GND] on F.Cu, length 0.1690 mm
[unconnected_items]: Missing connection between items
    Local override; error
    @(131.5720 mm, 51.3080 mm): Track [GND] on B.Cu, length 0.4085 mm
    @(133.0960 mm, 47.7680 mm): Track [GND] on F.Cu, length 1.5080 mm
[unconnected_items]: Missing connection between items
    Local override; error
    @(108.2040 mm, 33.5280 mm): Zone [GND] on F.Cu and B.Cu, priority 0
    @(140.9660 mm, 56.1040 mm): Pad 5 [GND] of J1 on F.Cu

** Found 0 Footprint errors **

** End of Report **
